exports[`activity-stats.component should render properly 1`] = `
ShallowWrapper {
  "complexSelector": ComplexSelector {
    "buildPredicate": [Function],
    "childrenOfNode": [Function],
    "findWhereUnwrapped": [Function],
  },
  "length": 1,
  "node": <div
    className="activityStats_13efbjt">
    <div
        className="stat_y6hf3w">
        1
        <div
            className="statIcon_1id1dbo"
            onClick={[Function]}>
            <i
                className="icon-like"
                style={
                    Object {
                        "color": "#646464",
                      }
                } />
        </div>
    </div>
    <div
        className="stat_y6hf3w">
        2
        <div
            className="statIcon_1id1dbo"
            onClick={[Function]}>
            <i
                className="icon-share"
                style={
                    Object {
                        "color": "#646464",
                      }
                } />
        </div>
    </div>
    <div
        className="stat_y6hf3w">
        3
        <div
            className="statIcon_1id1dbo"
            onClick={[Function]}>
            <i
                className="icon-comment"
                style={
                    Object {
                        "color": "#646464",
                      }
                } />
        </div>
    </div>
</div>,
  "nodes": Array [
    <div
      className="activityStats_13efbjt">
      <div
            className="stat_y6hf3w">
            1
            <div
                  className="statIcon_1id1dbo"
                  onClick={[Function]}>
                  <i
                        className="icon-like"
                        style={
                              Object {
                                    "color": "#646464",
                                  }
                        } />
            </div>
      </div>
      <div
            className="stat_y6hf3w">
            2
            <div
                  className="statIcon_1id1dbo"
                  onClick={[Function]}>
                  <i
                        className="icon-share"
                        style={
                              Object {
                                    "color": "#646464",
                                  }
                        } />
            </div>
      </div>
      <div
            className="stat_y6hf3w">
            3
            <div
                  className="statIcon_1id1dbo"
                  onClick={[Function]}>
                  <i
                        className="icon-comment"
                        style={
                              Object {
                                    "color": "#646464",
                                  }
                        } />
            </div>
      </div>
</div>,
  ],
  "options": Object {},
  "renderer": ReactShallowRenderer {
    "_instance": ShallowComponentWrapper {
      "_calledComponentWillUnmount": false,
      "_compositeType": 0,
      "_context": Object {},
      "_currentElement": <ActivityStats
        comments={3}
        id={4}
        likes={1}
        shares={2} />,
      "_debugID": 1,
      "_hostContainerInfo": null,
      "_hostParent": null,
      "_instance": ActivityStats {
        "_reactInternalInstance": [Circular],
        "context": Object {},
        "props": Object {
          "comments": 3,
          "id": 4,
          "likes": 1,
          "shares": 2,
        },
        "refs": Object {},
        "state": Object {},
        "updater": Object {
          "enqueueCallback": [Function],
          "enqueueCallbackInternal": [Function],
          "enqueueElementInternal": [Function],
          "enqueueForceUpdate": [Function],
          "enqueueReplaceState": [Function],
          "enqueueSetState": [Function],
          "isMounted": [Function],
          "validateCallback": [Function],
        },
      },
      "_mountOrder": 1,
      "_pendingCallbacks": null,
      "_pendingElement": null,
      "_pendingForceUpdate": false,
      "_pendingReplaceState": false,
      "_pendingStateQueue": null,
      "_renderedComponent": NoopInternalComponent {
        "_currentElement": <div
          className="activityStats_13efbjt">
          <div
                    className="stat_y6hf3w">
                    1
                    <div
                              className="statIcon_1id1dbo"
                              onClick={[Function]}>
                              <i
                                        className="icon-like"
                                        style={
                                                  Object {
                                                            "color": "#646464",
                                                          }
                                        } />
                    </div>
          </div>
          <div
                    className="stat_y6hf3w">
                    2
                    <div
                              className="statIcon_1id1dbo"
                              onClick={[Function]}>
                              <i
                                        className="icon-share"
                                        style={
                                                  Object {
                                                            "color": "#646464",
                                                          }
                                        } />
                    </div>
          </div>
          <div
                    className="stat_y6hf3w">
                    3
                    <div
                              className="statIcon_1id1dbo"
                              onClick={[Function]}>
                              <i
                                        className="icon-comment"
                                        style={
                                                  Object {
                                                            "color": "#646464",
                                                          }
                                        } />
                    </div>
          </div>
</div>,
        "_debugID": 2,
        "_renderedOutput": <div
          className="activityStats_13efbjt">
          <div
                    className="stat_y6hf3w">
                    1
                    <div
                              className="statIcon_1id1dbo"
                              onClick={[Function]}>
                              <i
                                        className="icon-like"
                                        style={
                                                  Object {
                                                            "color": "#646464",
                                                          }
                                        } />
                    </div>
          </div>
          <div
                    className="stat_y6hf3w">
                    2
                    <div
                              className="statIcon_1id1dbo"
                              onClick={[Function]}>
                              <i
                                        className="icon-share"
                                        style={
                                                  Object {
                                                            "color": "#646464",
                                                          }
                                        } />
                    </div>
          </div>
          <div
                    className="stat_y6hf3w">
                    3
                    <div
                              className="statIcon_1id1dbo"
                              onClick={[Function]}>
                              <i
                                        className="icon-comment"
                                        style={
                                                  Object {
                                                            "color": "#646464",
                                                          }
                                        } />
                    </div>
          </div>
</div>,
      },
      "_renderedNodeType": 0,
      "_rootNodeID": 0,
      "_topLevelWrapper": null,
      "_updateBatchNumber": null,
      "_warnedAboutRefsInRender": false,
    },
    "getRenderOutput": [Function],
    "render": [Function],
  },
  "root": [Circular],
  "unrendered": <ActivityStats
    comments={3}
    id={4}
    likes={1}
    shares={2} />,
}
`;
